// Jest Snapshot v1, https://goo.gl/fbAQLP

exports[`should render Header correctly 1`] = `
<div
  className="header"
>
  <span
    className="header__location"
  >
    london
  </span>
  <div
    className="header__time-container"
  >
    <div
      className="header__time"
    >
      <span
        className="header__dot brown"
      />
      <span
        className="header__dot tan"
      />
      <span
        className="header__dot gold"
      />
      <Spring
        config={
          Object {
            "duration": 2000,
          }
        }
        force={false}
        from={
          Object {
            "opacity": 0,
          }
        }
        immediate={false}
        inject={[Function]}
        native={false}
        reset={false}
        to={
          Object {
            "opacity": 1,
          }
        }
      >
        [Function]
      </Spring>
      <span
        className="header__dot brown"
      />
      <span
        className="header__dot tan"
      />
      <span
        className="header__dot gold"
      />
    </div>
  </div>
  <Spring
    config={
      Object {
        "duration": 2000,
      }
    }
    force={false}
    from={
      Object {
        "opacity": 0,
      }
    }
    immediate={false}
    inject={[Function]}
    native={false}
    reset={false}
    to={
      Object {
        "opacity": 1,
      }
    }
  >
    [Function]
  </Spring>
</div>
`;
