// Jest Snapshot v1, https://goo.gl/fbAQLP

exports[`should render ProgressBar correctly 1`] = `
<div
  className="progress-bar"
>
  <span
    className="progress-bar__text"
  >
    Reloading in 60s
  </span>
  <div
    className="progress-bar__container"
  >
    <div
      className="progress-bar__filler"
      style={
        Object {
          "width": "0%",
        }
      }
    />
  </div>
</div>
`;
