// Jest Snapshot v1, https://goo.gl/fbAQLP

exports[`should render WeatherApp correctly 1`] = `
<div
  className="weather-app"
>
  <Header
    animate={false}
    location="london"
    time="13:35 GMT"
  />
  <ProgressBar
    handleTimerFinished={[Function]}
    initialTime={10}
    startTimer={false}
  />
  <FiveDayForecast
    animate={false}
    data={Array []}
    loading={true}
  />
</div>
`;
